// Jest Snapshot v1, https://goo.gl/fbAQLP

exports[`App Router render App correctly 1`] = `
<BrowserRouter>
  <div>
    <Switch>
      <Route
        component={[Function]}
        exact={true}
        path="/"
      />
      <Connect(PrivateRoute)
        component={[Function]}
        path="/dashboard"
      />
      <Connect(PrivateRoute)
        component={[Function]}
        exact={true}
        path="/request/:requestId"
      />
      <Connect(PrivateRoute)
        component={[Function]}
        path="/new-request"
      />
      <Connect(PrivateRoute)
        component={[Function]}
        exact={true}
        path="/request/:requestId/edit"
      />
      <Connect(PrivateRoute)
        component={[Function]}
        path="/admin"
      />
      <Route
        component={[Function]}
      />
    </Switch>
  </div>
</BrowserRouter>
`;
