// Jest Snapshot v1, https://goo.gl/fbAQLP

exports[`Home component render home component correctly 1`] = `
<div>
  <HomeBody />
</div>
`;
