// Jest Snapshot v1, https://goo.gl/fbAQLP

exports[`Guest Navigation render guest navigation correctly 1`] = `
<div>
  <Connect(Home) />
</div>
`;
