// Jest Snapshot v1, https://goo.gl/fbAQLP

exports[`Loader render loader correctly 1`] = `
<div>
  <img
    alt="Loading..."
    className="text"
    src="https://res.cloudinary.com/cwizard/image/upload/v1540768548/loader.gif"
  />
</div>
`;
