// Jest Snapshot v1, https://goo.gl/fbAQLP

exports[`Guest Navigation render guest navigation correctly 1`] = `
<div
  className="center"
>
  <Link
    replace={false}
    to="/request/undefined/edit"
  >
    <a
      className="btn center"
      role="presentation"
    >
      <ion-icon
        name="create"
      />
    </a>
  </Link>
</div>
`;
