// Jest Snapshot v1, https://goo.gl/fbAQLP

exports[`Guest Navigation render guest navigation correctly 1`] = `
<footer>
  <div>
    Maintenance Tracker by Adeoye Peter
  </div>
</footer>
`;
